00:20:30 **** Build of project micro_bsp ****
make -k all 
"Running Make include in microblaze_0/libsrc/bram_v4_3/src"
make -C microblaze_0/libsrc/bram_v4_3/src -s include  "SHELL=CMD" "COMPILER=mb-gcc" "ARCHIVER=mb-ar" "COMPILER_FLAGS=  -O2 -c -mcpu=v11.0 -mlittle-endian -mxl-soft-mul" "EXTRA_COMPILER_FLAGS=-ffunction-sections -fdata-sections -Wall -Wextra"
"Running Make include in microblaze_0/libsrc/cpu_v2_9/src"
make -C microblaze_0/libsrc/cpu_v2_9/src -s include  "SHELL=CMD" "COMPILER=mb-gcc" "ARCHIVER=mb-ar" "COMPILER_FLAGS=  -O2 -c -mcpu=v11.0 -mlittle-endian -mxl-soft-mul" "EXTRA_COMPILER_FLAGS=-ffunction-sections -fdata-sections -Wall -Wextra"
"Running Make include in microblaze_0/libsrc/gpio_v4_4/src"
make -C microblaze_0/libsrc/gpio_v4_4/src -s include  "SHELL=CMD" "COMPILER=mb-gcc" "ARCHIVER=mb-ar" "COMPILER_FLAGS=  -O2 -c -mcpu=v11.0 -mlittle-endian -mxl-soft-mul" "EXTRA_COMPILER_FLAGS=-ffunction-sections -fdata-sections -Wall -Wextra"
"Running Make include in microblaze_0/libsrc/inverse_divisor_v1_0/src"
make -C microblaze_0/libsrc/inverse_divisor_v1_0/src -s include  "SHELL=CMD" "COMPILER=mb-gcc" "ARCHIVER=mb-ar" "COMPILER_FLAGS=  -O2 -c -mcpu=v11.0 -mlittle-endian -mxl-soft-mul" "EXTRA_COMPILER_FLAGS=-ffunction-sections -fdata-sections -Wall -Wextra"
"Running Make include in microblaze_0/libsrc/standalone_v7_0/src"
make -C microblaze_0/libsrc/standalone_v7_0/src -s include  "SHELL=CMD" "COMPILER=mb-gcc" "ARCHIVER=mb-ar" "COMPILER_FLAGS=  -O2 -c -mcpu=v11.0 -mlittle-endian -mxl-soft-mul" "EXTRA_COMPILER_FLAGS=-ffunction-sections -fdata-sections -Wall -Wextra"
"Running Make include in microblaze_0/libsrc/uartlite_v3_2/src"
make -C microblaze_0/libsrc/uartlite_v3_2/src -s include  "SHELL=CMD" "COMPILER=mb-gcc" "ARCHIVER=mb-ar" "COMPILER_FLAGS=  -O2 -c -mcpu=v11.0 -mlittle-endian -mxl-soft-mul" "EXTRA_COMPILER_FLAGS=-ffunction-sections -fdata-sections -Wall -Wextra"
"Running Make libs in microblaze_0/libsrc/bram_v4_3/src"
make -C microblaze_0/libsrc/bram_v4_3/src -s libs  "SHELL=CMD" "COMPILER=mb-gcc" "ARCHIVER=mb-ar" "COMPILER_FLAGS=  -O2 -c -mcpu=v11.0 -mlittle-endian -mxl-soft-mul" "EXTRA_COMPILER_FLAGS=-ffunction-sections -fdata-sections -Wall -Wextra"
"Compiling bram"
mb-ar: creating ../../../lib/libxil.a
"Running Make libs in microblaze_0/libsrc/cpu_v2_9/src"
make -C microblaze_0/libsrc/cpu_v2_9/src -s libs  "SHELL=CMD" "COMPILER=mb-gcc" "ARCHIVER=mb-ar" "COMPILER_FLAGS=  -O2 -c -mcpu=v11.0 -mlittle-endian -mxl-soft-mul" "EXTRA_COMPILER_FLAGS=-ffunction-sections -fdata-sections -Wall -Wextra"
"Compiling cpu"
"Running Make libs in microblaze_0/libsrc/gpio_v4_4/src"
make -C microblaze_0/libsrc/gpio_v4_4/src -s libs  "SHELL=CMD" "COMPILER=mb-gcc" "ARCHIVER=mb-ar" "COMPILER_FLAGS=  -O2 -c -mcpu=v11.0 -mlittle-endian -mxl-soft-mul" "EXTRA_COMPILER_FLAGS=-ffunction-sections -fdata-sections -Wall -Wextra"
"Compiling gpio"
"Running Make libs in microblaze_0/libsrc/inverse_divisor_v1_0/src"
make -C microblaze_0/libsrc/inverse_divisor_v1_0/src -s libs  "SHELL=CMD" "COMPILER=mb-gcc" "ARCHIVER=mb-ar" "COMPILER_FLAGS=  -O2 -c -mcpu=v11.0 -mlittle-endian -mxl-soft-mul" "EXTRA_COMPILER_FLAGS=-ffunction-sections -fdata-sections -Wall -Wextra"
"Compiling inverse_divisor"
"Running Make libs in microblaze_0/libsrc/standalone_v7_0/src"
make -C microblaze_0/libsrc/standalone_v7_0/src -s libs  "SHELL=CMD" "COMPILER=mb-gcc" "ARCHIVER=mb-ar" "COMPILER_FLAGS=  -O2 -c -mcpu=v11.0 -mlittle-endian -mxl-soft-mul" "EXTRA_COMPILER_FLAGS=-ffunction-sections -fdata-sections -Wall -Wextra"
"Compiling standalone";
microblaze_sleep.c:77:9: note: #pragma message: For the sleep routines, assembly instructions are used
 #pragma message ("For the sleep routines, assembly instructions are used")
         ^~~~~~~
"Running Make libs in microblaze_0/libsrc/uartlite_v3_2/src"
make -C microblaze_0/libsrc/uartlite_v3_2/src -s libs  "SHELL=CMD" "COMPILER=mb-gcc" "ARCHIVER=mb-ar" "COMPILER_FLAGS=  -O2 -c -mcpu=v11.0 -mlittle-endian -mxl-soft-mul" "EXTRA_COMPILER_FLAGS=-ffunction-sections -fdata-sections -Wall -Wextra"
"Compiling uartlite"
'Finished building libraries'
00:20:46 **** Build of configuration Debug for project micro ****
make all 
'Building file: ../src/helloworld.c'
'Invoking: MicroBlaze gcc compiler'
mb-gcc -Wall -O0 -g3 -c -fmessage-length=0 -MT"src/helloworld.o" -I../../micro_bsp/microblaze_0/include -mlittle-endian -mcpu=v11.0 -mxl-soft-mul -Wl,--no-relax -ffunction-sections -fdata-sections -MMD -MP -MF"src/helloworld.d" -MT"src/helloworld.o" -o "src/helloworld.o" "../src/helloworld.c"
'Finished building: ../src/helloworld.c'
' '
'Building file: ../src/platform.c'
'Invoking: MicroBlaze gcc compiler'
mb-gcc -Wall -O0 -g3 -c -fmessage-length=0 -MT"src/platform.o" -I../../micro_bsp/microblaze_0/include -mlittle-endian -mcpu=v11.0 -mxl-soft-mul -Wl,--no-relax -ffunction-sections -fdata-sections -MMD -MP -MF"src/platform.d" -MT"src/platform.o" -o "src/platform.o" "../src/platform.c"
'Finished building: ../src/platform.c'
' '
'Building target: micro.elf'
'Invoking: MicroBlaze gcc linker'
mb-gcc -Wl,-T -Wl,../src/lscript.ld -L../../micro_bsp/microblaze_0/lib -mlittle-endian -mcpu=v11.0 -mxl-soft-mul -Wl,--no-relax -Wl,--gc-sections -o "micro.elf"  ./src/helloworld.o ./src/platform.o   -Wl,--start-group,-lxil,-lgcc,-lc,--end-group
'Finished building target: micro.elf'
' '
'Invoking: MicroBlaze Print Size'
mb-size micro.elf  |tee "micro.elf.size"
   text	   data	    bss	    dec	    hex	filename
   2696	    268	   3108	   6072	   17b8	micro.elf
'Finished building: micro.elf.size'
' '
00:21:04 **** Clean-only build of configuration Debug for project micro ****
make clean 
rm -rf  ./src/helloworld.o ./src/platform.o  ./src/helloworld.d ./src/platform.d  micro.elf.size  micro.elf
' '
00:21:04 **** Auto Build of configuration Debug for project micro ****
make all 
'Building file: ../src/platform.c'
'Invoking: MicroBlaze gcc compiler'
mb-gcc -Wall -O0 -g3 -c -fmessage-length=0 -MT"src/platform.o" -I../../micro_bsp/microblaze_0/include -mlittle-endian -mcpu=v11.0 -mxl-soft-mul -Wl,--no-relax -ffunction-sections -fdata-sections -MMD -MP -MF"src/platform.d" -MT"src/platform.o" -o "src/platform.o" "../src/platform.c"
'Finished building: ../src/platform.c'
' '
'Building target: micro.elf'
'Invoking: MicroBlaze gcc linker'
mb-gcc -Wl,-T -Wl,../src/lscript.ld -L../../micro_bsp/microblaze_0/lib -mlittle-endian -mcpu=v11.0 -mxl-soft-mul -Wl,--no-relax -Wl,--gc-sections -o "micro.elf"  ./src/platform.o   -Wl,--start-group,-lxil,-lgcc,-lc,--end-group
c:/games/xilinx/sdk/2019.1/gnu/microblaze/nt/bin/../lib/gcc/microblaze-xilinx-elf/8.2.0/../../../../microblaze-xilinx-elf/bin/ld.exe: c:/games/xilinx/sdk/2019.1/gnu/microblaze/nt/bin/../lib/gcc/microblaze-xilinx-elf/8.2.0/../../../../microblaze-xilinx-elf/lib/le/crtinit.o: in function `_crtinit':
(.text+0x78): undefined reference to `main'
collect2.exe: error: ld returned 1 exit status
make: *** [makefile:38: micro.elf] Error 1
00:21:16 **** Auto Build of configuration Debug for project micro ****
make all 
'Building file: ../src/main.c'
'Invoking: MicroBlaze gcc compiler'
mb-gcc -Wall -O0 -g3 -c -fmessage-length=0 -MT"src/main.o" -I../../micro_bsp/microblaze_0/include -mlittle-endian -mcpu=v11.0 -mxl-soft-mul -Wl,--no-relax -ffunction-sections -fdata-sections -MMD -MP -MF"src/main.d" -MT"src/main.o" -o "src/main.o" "../src/main.c"
'Finished building: ../src/main.c'
' '
'Building target: micro.elf'
'Invoking: MicroBlaze gcc linker'
mb-gcc -Wl,-T -Wl,../src/lscript.ld -L../../micro_bsp/microblaze_0/lib -mlittle-endian -mcpu=v11.0 -mxl-soft-mul -Wl,--no-relax -Wl,--gc-sections -o "micro.elf"  ./src/main.o ./src/platform.o   -Wl,--start-group,-lxil,-lgcc,-lc,--end-group
c:/games/xilinx/sdk/2019.1/gnu/microblaze/nt/bin/../lib/gcc/microblaze-xilinx-elf/8.2.0/../../../../microblaze-xilinx-elf/bin/ld.exe: c:/games/xilinx/sdk/2019.1/gnu/microblaze/nt/bin/../lib/gcc/microblaze-xilinx-elf/8.2.0/../../../../microblaze-xilinx-elf/lib/le/crtinit.o: in function `_crtinit':
(.text+0x78): undefined reference to `main'
collect2.exe: error: ld returned 1 exit status
make: *** [makefile:38: micro.elf] Error 1
00:21:45 **** Auto Build of configuration Debug for project micro ****
make all 
'Building file: ../src/main.c'
'Invoking: MicroBlaze gcc compiler'
mb-gcc -Wall -O0 -g3 -c -fmessage-length=0 -MT"src/main.o" -I../../micro_bsp/microblaze_0/include -mlittle-endian -mcpu=v11.0 -mxl-soft-mul -Wl,--no-relax -ffunction-sections -fdata-sections -MMD -MP -MF"src/main.d" -MT"src/main.o" -o "src/main.o" "../src/main.c"
../src/main.c: In function 'main':
../src/main.c:60:17: warning: implicit declaration of function 'XUartLite_IsReceiveData'; did you mean 'XUartLite_IsSending'? [-Wimplicit-function-declaration]
         while (!XUartLite_IsReceiveData(UART_BASE_ADDRESS));
                 ^~~~~~~~~~~~~~~~~~~~~~~
                 XUartLite_IsSending
../src/main.c:60:41: error: 'UART_BASE_ADDRESS' undeclared (first use in this function); did you mean 'STDIN_BASEADDRESS'?
         while (!XUartLite_IsReceiveData(UART_BASE_ADDRESS));
                                         ^~~~~~~~~~~~~~~~~
                                         STDIN_BASEADDRESS
../src/main.c:60:41: note: each undeclared identifier is reported only once for each function it appears in
../src/main.c:61:23: warning: implicit declaration of function 'XUartLite_RecvByte'; did you mean 'XUartLite_Recv'? [-Wimplicit-function-declaration]
         currentByte = XUartLite_RecvByte(UART_BASE_ADDRESS);
                       ^~~~~~~~~~~~~~~~~~
                       XUartLite_Recv
../src/main.c: In function 'processDivideCommand':
../src/main.c:132:26: error: 'dividerOut' undeclared (first use in this function)
     XGpio_DiscreteWrite(&dividerOut, 1, sum);
                          ^~~~~~~~~~
../src/main.c:135:26: error: 'dividerOutRdy' undeclared (first use in this function)
     XGpio_DiscreteWrite(&dividerOutRdy, 1, 1);
                          ^~~~~~~~~~~~~
../src/main.c: In function 'processRGBtoGrayCommand':
../src/main.c:153:26: error: 'grayOut' undeclared (first use in this function); did you mean 'gray'?
     XGpio_DiscreteWrite(&grayOut, 1, gray);
                          ^~~~~~~
                          gray
../src/main.c:156:26: error: 'grayOutRdy' undeclared (first use in this function)
     XGpio_DiscreteWrite(&grayOutRdy, 1, 1);
                          ^~~~~~~~~~
../src/main.c: In function 'setError':
../src/main.c:170:26: error: 'errorOut' undeclared (first use in this function); did you mean 'errorCode'?
     XGpio_DiscreteWrite(&errorOut, 1, errorCode);
                          ^~~~~~~~
                          errorCode
make: *** [src/subdir.mk:26: src/main.o] Error 1
00:26:21 **** Auto Build of configuration Debug for project micro ****
make all 
'Building file: ../src/main.c'
'Invoking: MicroBlaze gcc compiler'
mb-gcc -Wall -O0 -g3 -c -fmessage-length=0 -MT"src/main.o" -I../../micro_bsp/microblaze_0/include -mlittle-endian -mcpu=v11.0 -mxl-soft-mul -Wl,--no-relax -ffunction-sections -fdata-sections -MMD -MP -MF"src/main.d" -MT"src/main.o" -o "src/main.o" "../src/main.c"
'Finished building: ../src/main.c'
' '
'Building target: micro.elf'
'Invoking: MicroBlaze gcc linker'
mb-gcc -Wl,-T -Wl,../src/lscript.ld -L../../micro_bsp/microblaze_0/lib -mlittle-endian -mcpu=v11.0 -mxl-soft-mul -Wl,--no-relax -Wl,--gc-sections -o "micro.elf"  ./src/main.o ./src/platform.o   -Wl,--start-group,-lxil,-lgcc,-lc,--end-group
'Finished building target: micro.elf'
' '
'Invoking: MicroBlaze Print Size'
mb-size micro.elf  |tee "micro.elf.size"
   text	   data	    bss	    dec	    hex	filename
  11416	    732	   3276	  15424	   3c40	micro.elf
'Finished building: micro.elf.size'
' '
